(audit-chain-v1 #5a8760f8a958799a0e38154fae7cc086d9a1ee0153ff62451ac1a07f7b0b50d7 #8843ae62f23f139c39c15006ff49d07fb83ac6ceab2978e3d997d891d27b11ba (audit-entry-v1 (evaluated-v1 (hash #aaaaaaaaaaaaaaaaaaaaaaaaaaaaaaaaaaaaaaaaaaaaaaaaaaaaaaaaaaaaaaaa) (hash #bbbbbbbbbbbbbbbbbbbbbbbbbbbbbbbbbbbbbbbbbbbbbbbbbbbbbbbbbbbbbbbb) (assessment-v1 (medium) (confidence-v1 (lit 0.75)) (text-list-v1 (lit "rule matched")) (evidence (lit "typed"))) (ask))))
(audit-chain-v1 #8843ae62f23f139c39c15006ff49d07fb83ac6ceab2978e3d997d891d27b11ba #0c64fd14360aea8d03a0f0acc2ac785e215f560b8dcdd96d7d71e47f0f3033be (audit-entry-v1 (consented-v1 (hash #aaaaaaaaaaaaaaaaaaaaaaaaaaaaaaaaaaaaaaaaaaaaaaaaaaaaaaaaaaaaaaaa) (hash #cccccccccccccccccccccccccccccccccccccccccccccccccccccccccccccccc) (approved-v1 (hash #cccccccccccccccccccccccccccccccccccccccccccccccccccccccccccccccc) (lit "reviewer") (ticket (lit "T-7"))))))
(audit-chain-v1 #0c64fd14360aea8d03a0f0acc2ac785e215f560b8dcdd96d7d71e47f0f3033be #257b42d9957e846671b0a31fc9850e493657e0abc4ea37c26db4bd213152fbd1 (audit-entry-v1 (completed-v1 (hash #aaaaaaaaaaaaaaaaaaaaaaaaaaaaaaaaaaaaaaaaaaaaaaaaaaaaaaaaaaaaaaaa) (lit "live") (outcome-summary-v1 (lit "succeeded") (hash #dddddddddddddddddddddddddddddddddddddddddddddddddddddddddddddddd) (lit "receipt-7")))))
