(audit-chain-v2 #e30304e99930d8bf631a0b1f364b6d91f6dc798a14c7c0a554ff994ff14ab937 #41c700d5824d94358009d9f8ac319cfb861ea0f94b4f4212871f55806fbaac26 (audit-entry-v2 (evaluated-v2 (governance-v0) (lit 0) (hash #aaaaaaaaaaaaaaaaaaaaaaaaaaaaaaaaaaaaaaaaaaaaaaaaaaaaaaaaaaaaaaaa) (hash #bbbbbbbbbbbbbbbbbbbbbbbbbbbbbbbbbbbbbbbbbbbbbbbbbbbbbbbbbbbbbbbb) (governance-assessment-v0 (governance-v0) (medium) (lit 0.75) (text-list-v1 (lit "rule matched")) (evidence (lit "typed"))) (ask))))
(audit-chain-v2 #41c700d5824d94358009d9f8ac319cfb861ea0f94b4f4212871f55806fbaac26 #241f4d0d0c8bcdf104c25a51ab22398ddcb1dac9e1643794eeb4cebddf6cf50c (audit-entry-v2 (consented-v2 (governance-v0) (lit 1) (hash #aaaaaaaaaaaaaaaaaaaaaaaaaaaaaaaaaaaaaaaaaaaaaaaaaaaaaaaaaaaaaaaa) (hash #cccccccccccccccccccccccccccccccccccccccccccccccccccccccccccccccc) (approved-v1 (hash #cccccccccccccccccccccccccccccccccccccccccccccccccccccccccccccccc) (lit "reviewer") (ticket (lit "T-7"))))))
(audit-chain-v2 #241f4d0d0c8bcdf104c25a51ab22398ddcb1dac9e1643794eeb4cebddf6cf50c #7719453dca00408a09e360a3b70a4ef2ae6f742f45e03e1db49b8c6daa3d6e7e (audit-entry-v2 (completed-v2 (governance-v0) (lit 2) (hash #aaaaaaaaaaaaaaaaaaaaaaaaaaaaaaaaaaaaaaaaaaaaaaaaaaaaaaaaaaaaaaaa) (lit "live") (governance-outcome-summary-v0 (governance-v0) (lit "succeeded") (hash #dddddddddddddddddddddddddddddddddddddddddddddddddddddddddddddddd) (lit "receipt-7")))))
